<html>
<body>
<pre>
<h1>礦ision Build Log</h1>
<h2>Tool Versions:</h2>
IDE-Version: μVision V5.21.1.0
Copyright (C) 2016 ARM Ltd and ARM Germany GmbH. All rights reserved.
License Information: 111111 111111, 111111, LIC=WHYH9-4PJS5-2Z7W4-FA2JJ-SI4F5-RN5T3
 
Tool Versions:
Toolchain:       MDK-ARM Plus  Version: 5.21a
Toolchain Path:  C:\Keil_v5\ARM\ARMCC\Bin
C Compiler:      Armcc.exe V5.06 update 3 (build 300)
Assembler:       Armasm.exe V5.06 update 3 (build 300)
Linker/Locator:  ArmLink.exe V5.06 update 3 (build 300)
Library Manager: ArmAr.exe V5.06 update 3 (build 300)
Hex Converter:   FromElf.exe V5.06 update 3 (build 300)
CPU DLL:         SARMCM3.DLL V5.21a
Dialog DLL:      DCM.DLL V1.13.8.0
Target DLL:      CMSIS_AGDI.dll V1.26.5.0
Dialog DLL:      TCM.DLL V1.14.14.0
 
<h2>Project:</h2>
F:\11-1、STM32-4WD-智能小车2022版\11-1 STM32F103ZET6单片机智能小车教学视频 70课 2022高清版\5 实验源码\1 STM32智能小车实验源码\17 红外循迹小车实验\HJduino.uvprojx
Project File Date:  05/20/2023

<h2>Output:</h2>
*** Using Compiler 'V5.06 update 3 (build 300)', folder: 'C:\Keil_v5\ARM\ARMCC\Bin'
Rebuild target 'HJduino'
compiling main.c...
compiling misc.c...
compiling stm32f10x_bkp.c...
compiling stm32f10x_dac.c...
compiling stm32f10x_dma.c...
compiling stm32f10x_dbgmcu.c...
compiling stm32f10x_can.c...
compiling stm32f10x_flash.c...
compiling stm32f10x_rcc.c...
compiling stm32f10x_rtc.c...
compiling stm32f10x_i2c.c...
compiling stm32f10x_fsmc.c...
compiling stm32f10x_iwdg.c...
compiling stm32f10x_exti.c...
compiling stm32f10x_spi.c...
compiling stm32f10x_gpio.c...
compiling stm32f10x_pwr.c...
compiling stm32f10x_cec.c...
compiling stm32f10x_crc.c...
compiling stm32f10x_sdio.c...
compiling stm32f10x_tim.c...
compiling stm32f10x_adc.c...
assembling startup_stm32f10x_hd.s...
compiling system_stm32f10x.c...
compiling stm32f10x_wwdg.c...
compiling interface.c...
compiling redvoid.c...
compiling UltrasonicCtrol.c...
compiling IRCtrol.c...
compiling LCD1602.c...
compiling stm32f10x_usart.c...
compiling motor.c...
compiling uart.c...
compiling stm32f10x_it.c...
compiling core_cm3.c...
linking...
Program Size: Code=3648 RO-data=356 RW-data=20 ZI-data=1028  
FromELF: creating hex file...
".\Objects\HJduino.axf" - 0 Error(s), 0 Warning(s).

<h2>Collection of Component include folders:</h2>
  F:\11-1、STM32-4WD-智能小车2022版\11-1 STM32F103ZET6单片机智能小车教学视频 70课 2022高清版\5 实验源码\1 STM32智能小车实验源码\17 红外循迹小车实验\RTE
  C:\Keil_v5\ARM\PACK\Keil\STM32F1xx_DFP\2.2.0\Device\Include

<h2>Collection of Component Files used:</h2>
Build Time Elapsed:  00:00:04
</pre>
</body>
</html>
